10:41:11 **** Incremental Build of configuration Debug for project bluepill_blink ****
make -j8 all 
arm-none-eabi-gcc "../Core/Src/main.c" -mcpu=cortex-m4 -std=gnu11 -g3 -DDEBUG -DUSE_HAL_DRIVER -DSTM32F446xx -c -I../Core/Inc -I../Drivers/STM32F4xx_HAL_Driver/Inc -I../Drivers/STM32F4xx_HAL_Driver/Inc/Legacy -I../Drivers/CMSIS/Device/ST/STM32F4xx/Include -I../Drivers/CMSIS/Include -O0 -ffunction-sections -fdata-sections -Wall -fstack-usage -fcyclomatic-complexity -MMD -MP -MF"Core/Src/main.d" -MT"Core/Src/main.o" --specs=nano.specs -mfpu=fpv4-sp-d16 -mfloat-abi=hard -mthumb -o "Core/Src/main.o"
../Core/Src/main.c: In function 'main':
../Core/Src/main.c:99:3: warning: implicit declaration of function 'printf' [-Wimplicit-function-declaration]
   99 |   printf("First application starting\n");
      |   ^~~~~~
../Core/Src/main.c:21:1: note: include '<stdio.h>' or provide a declaration of 'printf'
   20 | #include "main.h"
  +++ |+#include <stdio.h>
   21 | 
../Core/Src/main.c:99:3: warning: incompatible implicit declaration of built-in function 'printf' [-Wbuiltin-declaration-mismatch]
   99 |   printf("First application starting\n");
      |   ^~~~~~
../Core/Src/main.c:99:3: note: include '<stdio.h>' or provide a declaration of 'printf'
arm-none-eabi-gcc -o "bluepill_blink.elf" @"objects.list"   -mcpu=cortex-m4 -T"C:\Users\lamsl\stm32Projects\bluepill_blink\STM32F446RETX_FLASH.ld" --specs=nosys.specs -Wl,-Map="bluepill_blink.map" -Wl,--gc-sections -static --specs=nano.specs -mfpu=fpv4-sp-d16 -mfloat-abi=hard -mthumb -Wl,--start-group -lc -lm -Wl,--end-group
Finished building target: bluepill_blink.elf
 
arm-none-eabi-size  bluepill_blink.elf 
arm-none-eabi-objdump -h -S bluepill_blink.elf  > "bluepill_blink.list"
   text	   data	    bss	    dec	    hex	filename
  11028	    104	   1976	  13108	   3334	bluepill_blink.elf
Finished building: default.size.stdout
 
Finished building: bluepill_blink.list
 

10:41:12 Build Finished. 0 errors, 2 warnings. (took 1s.249ms)

